Microchip MPLAB XC8 Compiler V3.00

Linker command line:

-W-3 --edf=D:\mplab\pic\dat\20241204225717_en.msgs -cn \
  -h+dist/default/production\DISP.X.production.sym \
  --cmf=dist/default/production\DISP.X.production.cmf -z -Q16F84A \
  -oC:\Users\kaanp\AppData\Local\Temp\xcAsd1c.\driver_tmp_3.o \
  --defsym=__MPLAB_BUILD=1 --fixupoverflow=error \
  -Mdist/default/production/DISP.X.production.map \
  --md=C:\Users\kaanp\AppData\Local\Temp\xcAsd1c.\driver_tmp_0.dat -E1 \
  -ver=XC8 Compiler -ACODE=00h-03FFh -ASTRCODE=00h-03FFh \
  -ASTRING=00h-0FFhx4 -ACONST=00h-0FFhx4 -AENTRY=00h-0FFhx4 \
  -ABANK0=0Ch-04Dh -ARAM=0Ch-04Dh -AABS1=0Ch-04Fh -ACOMMON=04Eh-04Fh \
  -ASFR0=00h-0Bh -ASFR1=080h-0CDh -ACONFIG=02007h-02007h -DCONFIG=2 \
  -AIDLOC=02000h-02003h -DIDLOC=2 -AEEDATA=00h-03Fh/02100h \
  -peeprom_data=EEDATA -DEEDATA=2 -DCODE=2 -DSTRCODE=2 -DSTRING=2 -DCONST=2 \
  -DENTRY=2 -preset_vec=00h,intentry,sivt,init,end_init -ppowerup=CODE \
  -pcinit=CODE -pfunctab=ENTRY -k \
  C:\Users\kaanp\AppData\Local\Temp\xcAsd1c.\driver_tmp_12.o \
  dist/default/production\DISP.X.production.o 

Object code version is 3.11

Machine type is 16F84A



                Name                               Link     Load   Length Selector   Space Scale
C:\Users\kaanp\AppData\Local\Temp\xcAsd1c.\driver_tmp_12.o
                end_init                              0        0        1        0       0
                config                             2007     2007        1        0       4
dist/default/production\DISP.X.production.o
                cinit                               3FE      3FE        2      7FC       0
                config                             2007     2007        1        0       4
                text3                               310      310       64      620       0
                text2                               2B8      2B8       58      570       0
                text1                               286      286       32      50C       0
                maintext                            374      374       8A      6E8       0
                cstackBANK0                           C        C       11        C       1

TOTAL           Name                               Link     Load   Length     Space
        CLASS   CODE           
                end_init                              0        0        1         0
                cinit                               3FE      3FE        2         0
                text3                               310      310       64         0
                text2                               2B8      2B8       58         0
                text1                               286      286       32         0
                maintext                            374      374       8A         0

        CLASS   STRCODE        

        CLASS   STRING         

        CLASS   CONST          

        CLASS   ENTRY          

        CLASS   BANK0          
                cstackBANK0                           C        C       11         1

        CLASS   RAM            

        CLASS   ABS1           
                abs_s1                               4E       4E        2         1

        CLASS   COMMON         

        CLASS   SFR0           

        CLASS   SFR1           

        CLASS   CONFIG         
                config                             2007     2007        1         4

        CLASS   IDLOC          

        CLASS   EEDATA         

        CLASS   BANK1          

        CLASS   HEAP           

        CLASS   STACK          



SEGMENTS        Name                           Load    Length   Top    Selector   Space  Class     Delta

                reset_vec                      000000  000001  000001         0       0  CODE        2
                cstackBANK0                    00000C  000011  00001D         C       1  BANK0       1
                text1                          000286  000032  0002B8       50C       0  CODE        2
                text2                          0002B8  000058  000310       570       0  CODE        2
                text3                          000310  000064  000374       620       0  CODE        2
                maintext                       000374  00008A  0003FE       6E8       0  CODE        2
                cinit                          0003FE  000002  000400       7FC       0  CODE        2


UNUSED ADDRESS RANGES

        Name                Unused          Largest block    Delta
        BANK0            001D-004D             31           1
        CODE             0001-0285            285           2
        CONST            0001-0285            100           2
        EEDATA           2100-213F             40           2
        ENTRY            0001-0285            100           2
        IDLOC            2000-2003              4           2
        RAM              001D-004D             31           1
        SFR0             0000-000B              C           1
        SFR1             0080-00CD             4E           1
        STRCODE          0001-0285            285           2
        STRING           0001-0285            100           2

                                  Symbol Table

?___awdiv                cstackBANK0  000C
?___awmod                cstackBANK0  000C
_PORTA                   (abs)        0005
_PORTAbits               (abs)        0005
_PORTB                   (abs)        0006
_TRISA                   (abs)        0085
_TRISB                   (abs)        0086
__H__absolute__          __absolute__ 0000
__Habs1                  abs1         0000
__Hbank0                 bank0        0000
__Hbank1                 bank1        0000
__Hcinit                 cinit        0400
__Hclrtext               clrtext      0000
__Hcode                  code         0000
__Hcommon                common       0000
__Hconfig                config       2008
__HcstackBANK0           cstackBANK0  0000
__HcstackCOMMON          cstackCOMMON 0000
__Heeprom_data           eeprom_data  0000
__Hend_init              end_init     0001
__Hfunctab               functab      0000
__Hheap                  heap         0000
__Hinit                  init         0000
__Hintentry              intentry     0000
__Hmaintext              maintext     0000
__Hpowerup               powerup      0000
__Hram                   ram          0000
__Hreset_vec             reset_vec    0000
__Hsfr0                  sfr0         0000
__Hsfr1                  sfr1         0000
__Hsivt                  sivt         0000
__Hspace_0               (abs)        0400
__Hspace_1               (abs)        001D
__Hspace_2               (abs)        0000
__Hspace_3               (abs)        0000
__Hspace_4               (abs)        400F
__Hstack                 stack        0000
__Hstrings               strings      0000
__Htext                  text         0000
__L__absolute__          __absolute__ 0000
__Labs1                  abs1         0000
__Lbank0                 bank0        0000
__Lbank1                 bank1        0000
__Lcinit                 cinit        03FE
__Lclrtext               clrtext      0000
__Lcode                  code         0000
__Lcommon                common       0000
__Lconfig                config       0000
__LcstackBANK0           cstackBANK0  0000
__LcstackCOMMON          cstackCOMMON 0000
__Leeprom_data           eeprom_data  0000
__Lend_init              end_init     0000
__Lfunctab               functab      0000
__Lheap                  heap         0000
__Linit                  init         0000
__Lintentry              intentry     0000
__Lmaintext              maintext     0000
__Lpowerup               powerup      0000
__Lram                   ram          0000
__Lreset_vec             reset_vec    0000
__Lsfr0                  sfr0         0000
__Lsfr1                  sfr1         0000
__Lsivt                  sivt         0000
__Lspace_0               (abs)        0000
__Lspace_1               (abs)        0000
__Lspace_2               (abs)        0000
__Lspace_3               (abs)        0000
__Lspace_4               (abs)        0000
__Lstack                 stack        0000
__Lstrings               strings      0000
__Ltext                  text         0000
__S0                     (abs)        0400
__S1                     (abs)        001D
__S3                     (abs)        0000
___awdiv                 text3        0310
___awdiv@counter         cstackBANK0  0010
___awdiv@dividend        cstackBANK0  000E
___awdiv@divisor         cstackBANK0  000C
___awdiv@quotient        cstackBANK0  0012
___awdiv@sign            cstackBANK0  0011
___awmod                 text2        02B8
___awmod@counter         cstackBANK0  0010
___awmod@dividend        cstackBANK0  000E
___awmod@divisor         cstackBANK0  000C
___awmod@sign            cstackBANK0  0011
___heap_hi               (abs)        0000
___heap_lo               (abs)        0000
___int_sp                stack        0000
___int_stack_hi          stack        0000
___int_stack_lo          stack        0000
___latbits               (abs)        0000
___sp                    stack        0000
___stack_hi              stack        0000
___stack_lo              stack        0000
___stackhi               (abs)        0000
___stacklo               (abs)        0000
__end_of___awdiv         text3        0374
__end_of___awmod         text2        0310
__end_of__initialization cinit        03FE
__end_of_main            maintext     03FE
__end_of_sayiAl          text1        02B8
__initialization         cinit        03FE
__pcstackBANK0           cstackBANK0  000C
__pcstackCOMMON          cstackCOMMON 0000
__pmaintext              maintext     0374
__ptext1                 text1        0286
__ptext2                 text2        02B8
__ptext3                 text3        0310
_main                    maintext     0374
_sayiAl                  text1        0286
btemp                    (abs)        004E
end_of_initialization    cinit        03FE
intlevel0                functab      0000
intlevel1                functab      0000
intlevel2                functab      0000
intlevel3                functab      0000
intlevel4                functab      0000
intlevel5                functab      0000
main@A                   cstackBANK0  0017
main@AB                  cstackBANK0  001B
main@B                   cstackBANK0  0019
reset_vec                reset_vec    0000
sayiAl@sayi              cstackBANK0  000C
start                    init         0000
start_initialization     cinit        03FE
wtemp0                   (abs)        004E


MODULE INFORMATION

Module		Function		Class		Link	Load	Size
D:\mplab\pic\sources\c99\common\awmod.c
		___awmod       		CODE           	02B8	0000	88

D:\mplab\pic\sources\c99\common\awmod.c estimated size: 88

D:\mplab\pic\sources\c99\common\awdiv.c
		___awdiv       		CODE           	0310	0000	100

D:\mplab\pic\sources\c99\common\awdiv.c estimated size: 100

shared
		__initialization		CODE           	03FE	0000	1

shared estimated size: 1

main.c
		_main          		CODE           	0374	0000	138
		_sayiAl        		CODE           	0286	0000	50

main.c estimated size: 188

