Microchip MPLAB XC8 Compiler V3.00

Linker command line:

-W-3 --edf=D:\mplab\pic\dat\20241204225717_en.msgs -cn \
  -h+dist/default/debug\lcd.X.debug.sym \
  --cmf=dist/default/debug\lcd.X.debug.cmf -z -Q16F84A \
  -oC:\Users\kaanp\AppData\Local\Temp\xcAsa8c.\driver_tmp_3.o \
  --defsym=__MPLAB_BUILD=1 --fixupoverflow=error \
  -Mdist/default/debug/lcd.X.debug.map \
  --md=C:\Users\kaanp\AppData\Local\Temp\xcAsa8c.\driver_tmp_0.dat -E1 \
  -ver=XC8 Compiler -ACODE=00h-03FFh -ASTRCODE=00h-03FFh \
  -ASTRING=00h-0FFhx4 -ACONST=00h-0FFhx4 -AENTRY=00h-0FFhx4 \
  -ABANK0=0Ch-04Dh -ARAM=0Ch-04Dh -AABS1=0Ch-04Fh -ACOMMON=04Eh-04Fh \
  -ASFR0=00h-0Bh -ASFR1=080h-0CDh -ACONFIG=02007h-02007h -DCONFIG=2 \
  -AIDLOC=02000h-02003h -DIDLOC=2 -AEEDATA=00h-03Fh/02100h \
  -peeprom_data=EEDATA -DEEDATA=2 -DCODE=2 -DSTRCODE=2 -DSTRING=2 -DCONST=2 \
  -DENTRY=2 -preset_vec=00h,intentry,sivt,init,end_init -ppowerup=CODE \
  -pcinit=CODE -pfunctab=ENTRY -k \
  C:\Users\kaanp\AppData\Local\Temp\xcAsa8c.\driver_tmp_12.o \
  dist/default/debug\lcd.X.debug.o 

Object code version is 3.11

Machine type is 16F84A



                Name                               Link     Load   Length Selector   Space Scale
C:\Users\kaanp\AppData\Local\Temp\xcAsa8c.\driver_tmp_12.o
                end_init                              0        0        1        0       0
                config                             2007     2007        1        0       4
dist/default/debug\lcd.X.debug.o
                cinit                               3FE      3FE        2      7FC       0
                config                             2007     2007        1        0       4
                text8                               325      325       1F      64A       0
                text7                               2F8      2F8       13      5F0       0
                text6                               3C3      3C3       3B      786       0
                text5                               367      367       28      6CE       0
                text4                               30B      30B       1A      616       0
                text3                               2E4      2E4        5      5C8       0
                text2                               38F      38F       34      71E       0
                text1                               2E9      2E9        F      5D2       0
                maintext                            344      344       23      688       0
                cstackBANK0                           C        C        D        C       1
                strings                               1        1       19        2       0

TOTAL           Name                               Link     Load   Length     Space
        CLASS   CODE           
                end_init                              0        0        1         0
                cinit                               3FE      3FE        2         0
                text8                               325      325       1F         0
                text7                               2F8      2F8       13         0
                text6                               3C3      3C3       3B         0
                text5                               367      367       28         0
                text4                               30B      30B       1A         0
                text3                               2E4      2E4        5         0
                text2                               38F      38F       34         0
                text1                               2E9      2E9        F         0
                maintext                            344      344       23         0

        CLASS   STRCODE        

        CLASS   STRING         
                strings                               1        1       19         0

        CLASS   CONST          

        CLASS   ENTRY          

        CLASS   BANK0          
                cstackBANK0                           C        C        D         1

        CLASS   RAM            

        CLASS   ABS1           
                abs_s1                               4E       4E        2         1

        CLASS   COMMON         

        CLASS   SFR0           

        CLASS   SFR1           

        CLASS   CONFIG         
                config                             2007     2007        1         4

        CLASS   IDLOC          

        CLASS   EEDATA         

        CLASS   BANK1          

        CLASS   HEAP           

        CLASS   STACK          



SEGMENTS        Name                           Load    Length   Top    Selector   Space  Class     Delta

                reset_vec                      000000  000001  000001         0       0  CODE        2
                strings                        000001  000019  00001A         2       0  STRING      2
                cstackBANK0                    00000C  00000D  000019         C       1  BANK0       1
                text3                          0002E4  000005  0002E9       5C8       0  CODE        2
                text1                          0002E9  00000F  0002F8       5D2       0  CODE        2
                text7                          0002F8  000013  00030B       5F0       0  CODE        2
                text4                          00030B  00001A  000325       616       0  CODE        2
                text8                          000325  00001F  000344       64A       0  CODE        2
                maintext                       000344  000023  000367       688       0  CODE        2
                text5                          000367  000028  00038F       6CE       0  CODE        2
                text2                          00038F  000034  0003C3       71E       0  CODE        2
                text6                          0003C3  00003B  0003FE       786       0  CODE        2
                cinit                          0003FE  000002  000400       7FC       0  CODE        2


UNUSED ADDRESS RANGES

        Name                Unused          Largest block    Delta
        BANK0            0019-004D             35           1
        CODE             001A-02E3            2CA           2
        CONST            001A-02E3            100           2
        EEDATA           2100-213F             40           2
        ENTRY            001A-02E3            100           2
        IDLOC            2000-2003              4           2
        RAM              0019-004D             35           1
        SFR0             0000-000B              C           1
        SFR1             0080-00CD             4E           1
        STRCODE          001A-02E3            2CA           2
        STRING           001A-02E3            100           2

                                  Symbol Table

Lcd_Cmd@a                 cstackBANK0  000F
Lcd_Port@a                cstackBANK0  000C
Lcd_Set_Cursor@a          cstackBANK0  0012
Lcd_Set_Cursor@b          cstackBANK0  0010
Lcd_Set_Cursor@temp       cstackBANK0  0015
Lcd_Set_Cursor@y          cstackBANK0  0014
Lcd_Set_Cursor@z          cstackBANK0  0013
Lcd_Write_Char@a          cstackBANK0  0010
Lcd_Write_Char@temp       cstackBANK0  000E
Lcd_Write_Char@y          cstackBANK0  000F
Lcd_Write_String@a        cstackBANK0  0011
Lcd_Write_String@i        cstackBANK0  0012
_Lcd_Clear                text3        02E4
_Lcd_Cmd                  text7        02F8
_Lcd_Init                 text2        038F
_Lcd_Port                 text8        0325
_Lcd_Set_Cursor           text6        03C3
_Lcd_Write_Char           text5        0367
_Lcd_Write_String         text4        030B
_RB2                      (abs)        0032
_RB3                      (abs)        0033
_RB4                      (abs)        0034
_RB5                      (abs)        0035
_RB6                      (abs)        0036
_RB7                      (abs)        0037
_TRISB                    (abs)        0086
__H__absolute__           __absolute__ 0000
__Habs1                   abs1         0000
__Hbank0                  bank0        0000
__Hbank1                  bank1        0000
__Hcinit                  cinit        0400
__Hclrtext                clrtext      0000
__Hcode                   code         0000
__Hcommon                 common       0000
__Hconfig                 config       2008
__HcstackBANK0            cstackBANK0  0000
__HcstackCOMMON           cstackCOMMON 0000
__Heeprom_data            eeprom_data  0000
__Hend_init               end_init     0001
__Hfunctab                functab      0000
__Hheap                   heap         0000
__Hinit                   init         0000
__Hintentry               intentry     0000
__Hmaintext               maintext     0000
__Hpowerup                powerup      0000
__Hram                    ram          0000
__Hreset_vec              reset_vec    0000
__Hsfr0                   sfr0         0000
__Hsfr1                   sfr1         0000
__Hsivt                   sivt         0000
__Hspace_0                (abs)        0400
__Hspace_1                (abs)        0019
__Hspace_2                (abs)        0000
__Hspace_3                (abs)        0000
__Hspace_4                (abs)        400F
__Hstack                  stack        0000
__Hstrings                strings      0000
__Htext                   text         0000
__L__absolute__           __absolute__ 0000
__Labs1                   abs1         0000
__Lbank0                  bank0        0000
__Lbank1                  bank1        0000
__Lcinit                  cinit        03FE
__Lclrtext                clrtext      0000
__Lcode                   code         0000
__Lcommon                 common       0000
__Lconfig                 config       0000
__LcstackBANK0            cstackBANK0  0000
__LcstackCOMMON           cstackCOMMON 0000
__Leeprom_data            eeprom_data  0000
__Lend_init               end_init     0000
__Lfunctab                functab      0000
__Lheap                   heap         0000
__Linit                   init         0000
__Lintentry               intentry     0000
__Lmaintext               maintext     0000
__Lpowerup                powerup      0000
__Lram                    ram          0000
__Lreset_vec              reset_vec    0000
__Lsfr0                   sfr0         0000
__Lsfr1                   sfr1         0000
__Lsivt                   sivt         0000
__Lspace_0                (abs)        0000
__Lspace_1                (abs)        0000
__Lspace_2                (abs)        0000
__Lspace_3                (abs)        0000
__Lspace_4                (abs)        0000
__Lstack                  stack        0000
__Lstrings                strings      0000
__Ltext                   text         0000
__S0                      (abs)        0400
__S1                      (abs)        0019
__S3                      (abs)        0000
___heap_hi                (abs)        0000
___heap_lo                (abs)        0000
___int_sp                 stack        0000
___int_stack_hi           stack        0000
___int_stack_lo           stack        0000
___latbits                (abs)        0000
___sp                     stack        0000
___stack_hi               stack        0000
___stack_lo               stack        0000
___stackhi                (abs)        0000
___stacklo                (abs)        0000
__end_of_Lcd_Clear        text3        02E9
__end_of_Lcd_Cmd          text7        030B
__end_of_Lcd_Init         text2        03C3
__end_of_Lcd_Port         text8        0344
__end_of_Lcd_Set_Cursor   text6        03FE
__end_of_Lcd_Write_Char   text5        038F
__end_of_Lcd_Write_String text4        0325
__end_of__initialization  cinit        03FE
__end_of__stringtab       strings      0007
__end_of_main             maintext     0367
__end_of_setup            text1        02F8
__initialization          cinit        03FE
__pcstackBANK0            cstackBANK0  000C
__pcstackCOMMON           cstackCOMMON 0000
__pmaintext               maintext     0344
__pstrings                strings      0001
__ptext1                  text1        02E9
__ptext2                  text2        038F
__ptext3                  text3        02E4
__ptext4                  text4        030B
__ptext5                  text5        0367
__ptext6                  text6        03C3
__ptext7                  text7        02F8
__ptext8                  text8        0325
__stringbase              strings      0006
__stringtab               strings      0001
_main                     maintext     0344
_setup                    text1        02E9
btemp                     (abs)        004E
end_of_initialization     cinit        03FE
intlevel0                 functab      0000
intlevel1                 functab      0000
intlevel2                 functab      0000
intlevel3                 functab      0000
intlevel4                 functab      0000
intlevel5                 functab      0000
reset_vec                 reset_vec    0000
start                     init         0000
start_initialization      cinit        03FE
wtemp0                    (abs)        004E


MODULE INFORMATION

Module		Function		Class		Link	Load	Size
D:\mplab\pic\include\c99/lcd.h
		_Lcd_Write_String		CODE           	030B	0000	26
		_Lcd_Init      		CODE           	038F	0000	52
		_Lcd_Write_Char		CODE           	0367	0000	40
		_Lcd_Cmd       		CODE           	02F8	0000	19
		_Lcd_Set_Cursor		CODE           	03C3	0000	59
		_Lcd_Clear     		CODE           	02E4	0000	5
		_Lcd_Port      		CODE           	0325	0000	31

D:\mplab\pic\include\c99/lcd.h estimated size: 232

shared
		__stringtab    		STRING         	0001	0000	6
		__initialization		CODE           	03FE	0000	1

shared estimated size: 7

main.c
		_main          		CODE           	0344	0000	35
		_setup         		CODE           	02E9	0000	15

main.c estimated size: 50

