Microchip MPLAB XC8 Compiler V3.00

Linker command line:

-W-3 --edf=D:\mplab\pic\dat\20241204225717_en.msgs -cn \
  -h+dist/default/debug\DISP.X.debug.sym \
  --cmf=dist/default/debug\DISP.X.debug.cmf -z -Q16F84A \
  -oC:\Users\kaanp\AppData\Local\Temp\xcAs8v4.\driver_tmp_3.o \
  --defsym=__MPLAB_BUILD=1 --fixupoverflow=error \
  -Mdist/default/debug/DISP.X.debug.map \
  --md=C:\Users\kaanp\AppData\Local\Temp\xcAs8v4.\driver_tmp_0.dat -E1 \
  -ver=XC8 Compiler -ACODE=00h-03FFh -ASTRCODE=00h-03FFh \
  -ASTRING=00h-0FFhx4 -ACONST=00h-0FFhx4 -AENTRY=00h-0FFhx4 \
  -ABANK0=0Ch-04Dh -ARAM=0Ch-04Dh -AABS1=0Ch-04Fh -ACOMMON=04Eh-04Fh \
  -ASFR0=00h-0Bh -ASFR1=080h-0CDh -ACONFIG=02007h-02007h -DCONFIG=2 \
  -AIDLOC=02000h-02003h -DIDLOC=2 -AEEDATA=00h-03Fh/02100h \
  -peeprom_data=EEDATA -DEEDATA=2 -DCODE=2 -DSTRCODE=2 -DSTRING=2 -DCONST=2 \
  -DENTRY=2 -preset_vec=00h,intentry,sivt,init,end_init -ppowerup=CODE \
  -pcinit=CODE -pfunctab=ENTRY -k \
  C:\Users\kaanp\AppData\Local\Temp\xcAs8v4.\driver_tmp_12.o \
  dist/default/debug\DISP.X.debug.o 

Object code version is 3.11

Machine type is 16F84A



                Name                               Link     Load   Length Selector   Space Scale
C:\Users\kaanp\AppData\Local\Temp\xcAs8v4.\driver_tmp_12.o
                end_init                              0        0        1        0       0
                config                             2007     2007        1        0       4
dist/default/debug\DISP.X.debug.o
                cinit                               3F9      3F9        7      7F2       0
                config                             2007     2007        1        0       4
                text3                               338      338       1D      670       0
                text2                               330      330        8      660       0
                text1                               355      355       1E      6AA       0
                maintext                            373      373       86      6E6       0
                cstackBANK0                           C        C        6        C       1
                bssBANK0                             12       12        4        C       1
                strings                               1        1       10        2       0

TOTAL           Name                               Link     Load   Length     Space
        CLASS   CODE           
                end_init                              0        0        1         0
                cinit                               3F9      3F9        7         0
                text3                               338      338       1D         0
                text2                               330      330        8         0
                text1                               355      355       1E         0
                maintext                            373      373       86         0

        CLASS   STRCODE        

        CLASS   STRING         
                strings                               1        1       10         0

        CLASS   CONST          

        CLASS   ENTRY          

        CLASS   BANK0          
                cstackBANK0                           C        C        6         1
                bssBANK0                             12       12        4         1

        CLASS   RAM            

        CLASS   ABS1           
                abs_s1                               4E       4E        2         1

        CLASS   COMMON         

        CLASS   SFR0           

        CLASS   SFR1           

        CLASS   CONFIG         
                config                             2007     2007        1         4

        CLASS   IDLOC          

        CLASS   EEDATA         

        CLASS   BANK1          

        CLASS   HEAP           

        CLASS   STACK          



SEGMENTS        Name                           Load    Length   Top    Selector   Space  Class     Delta

                reset_vec                      000000  000001  000001         0       0  CODE        2
                strings                        000001  000010  000011         2       0  STRING      2
                cstackBANK0                    00000C  00000A  000016         C       1  BANK0       1
                text2                          000330  000008  000338       660       0  CODE        2
                text3                          000338  00001D  000355       670       0  CODE        2
                text1                          000355  00001E  000373       6AA       0  CODE        2
                maintext                       000373  000086  0003F9       6E6       0  CODE        2
                cinit                          0003F9  000007  000400       7F2       0  CODE        2


UNUSED ADDRESS RANGES

        Name                Unused          Largest block    Delta
        BANK0            0016-004D             38           1
        CODE             0011-032F            31F           2
        CONST            0011-032F            100           2
        EEDATA           2100-213F             40           2
        ENTRY            0011-032F            100           2
        IDLOC            2000-2003              4           2
        RAM              0016-004D             38           1
        SFR0             0000-000B              C           1
        SFR1             0080-00CD             4E           1
        STRCODE          0011-032F            31F           2
        STRING           0011-032F            100           2

                                  Symbol Table

_PORTA                    (abs)        0005
_PORTB                    (abs)        0006
_RA0                      (abs)        0028
_RA1                      (abs)        0029
_TRISA                    (abs)        0085
_TRISB                    (abs)        0086
__H__absolute__           __absolute__ 0000
__Habs1                   abs1         0000
__Hbank0                  bank0        0000
__Hbank1                  bank1        0000
__HbssBANK0               bssBANK0     0000
__Hcinit                  cinit        0400
__Hclrtext                clrtext      0000
__Hcode                   code         0000
__Hcommon                 common       0000
__Hconfig                 config       2008
__HcstackBANK0            cstackBANK0  0000
__HcstackCOMMON           cstackCOMMON 0000
__Heeprom_data            eeprom_data  0000
__Hend_init               end_init     0001
__Hfunctab                functab      0000
__Hheap                   heap         0000
__Hinit                   init         0000
__Hintentry               intentry     0000
__Hmaintext               maintext     0000
__Hpowerup                powerup      0000
__Hram                    ram          0000
__Hreset_vec              reset_vec    0000
__Hsfr0                   sfr0         0000
__Hsfr1                   sfr1         0000
__Hsivt                   sivt         0000
__Hspace_0                (abs)        0400
__Hspace_1                (abs)        0016
__Hspace_2                (abs)        0000
__Hspace_3                (abs)        0000
__Hspace_4                (abs)        400F
__Hstack                  stack        0000
__Hstrings                strings      0000
__Htext                   text         0000
__L__absolute__           __absolute__ 0000
__Labs1                   abs1         0000
__Lbank0                  bank0        0000
__Lbank1                  bank1        0000
__LbssBANK0               bssBANK0     0000
__Lcinit                  cinit        03F9
__Lclrtext                clrtext      0000
__Lcode                   code         0000
__Lcommon                 common       0000
__Lconfig                 config       0000
__LcstackBANK0            cstackBANK0  0000
__LcstackCOMMON           cstackCOMMON 0000
__Leeprom_data            eeprom_data  0000
__Lend_init               end_init     0000
__Lfunctab                functab      0000
__Lheap                   heap         0000
__Linit                   init         0000
__Lintentry               intentry     0000
__Lmaintext               maintext     0000
__Lpowerup                powerup      0000
__Lram                    ram          0000
__Lreset_vec              reset_vec    0000
__Lsfr0                   sfr0         0000
__Lsfr1                   sfr1         0000
__Lsivt                   sivt         0000
__Lspace_0                (abs)        0000
__Lspace_1                (abs)        0000
__Lspace_2                (abs)        0000
__Lspace_3                (abs)        0000
__Lspace_4                (abs)        0000
__Lstack                  stack        0000
__Lstrings                strings      0000
__Ltext                   text         0000
__S0                      (abs)        0400
__S1                      (abs)        0016
__S3                      (abs)        0000
___heap_hi                (abs)        0000
___heap_lo                (abs)        0000
___int_sp                 stack        0000
___int_stack_hi           stack        0000
___int_stack_lo           stack        0000
___latbits                (abs)        0000
___sp                     stack        0000
___stack_hi               stack        0000
___stack_lo               stack        0000
___stackhi                (abs)        0000
___stacklo                (abs)        0000
__end_of__initialization  cinit        03FE
__end_of__stringtab       strings      0007
__end_of_delay_ms         text3        0355
__end_of_main             maintext     03F9
__end_of_setup            text2        0338
__end_of_seven_seg_digits strings      0011
__end_of_update_display   text1        0373
__initialization          cinit        03F9
__pbssBANK0               bssBANK0     0012
__pcstackBANK0            cstackBANK0  000C
__pcstackCOMMON           cstackCOMMON 0000
__pmaintext               maintext     0373
__pstrings                strings      0001
__ptext1                  text1        0355
__ptext2                  text2        0330
__ptext3                  text3        0338
__stringbase              strings      0006
__stringtab               strings      0001
_delay_ms                 text3        0338
_display1                 bssBANK0     0014
_display2                 bssBANK0     0012
_main                     maintext     0373
_setup                    text2        0330
_seven_seg_digits         strings      0007
_update_display           text1        0355
btemp                     (abs)        004E
delay_ms@i                cstackBANK0  000F
delay_ms@ms               cstackBANK0  000C
end_of_initialization     cinit        03FE
intlevel0                 functab      0000
intlevel1                 functab      0000
intlevel2                 functab      0000
intlevel3                 functab      0000
intlevel4                 functab      0000
intlevel5                 functab      0000
reset_vec                 reset_vec    0000
start                     init         0000
start_initialization      cinit        03F9
update_display@sayi1      cstackBANK0  000C
update_display@sayi2      cstackBANK0  000E
wtemp0                    (abs)        004E


MODULE INFORMATION

Module		Function		Class		Link	Load	Size
shared
		__stringtab    		STRING         	0001	0000	6
		_seven_seg_digits		STRING         	0007	0000	10
		__initialization		CODE           	03F9	0000	5

shared estimated size: 21

main.c
		_main          		CODE           	0373	0000	134
		_update_display		CODE           	0355	0000	30
		_delay_ms      		CODE           	0338	0000	29
		_setup         		CODE           	0330	0000	8

main.c estimated size: 201

